// Jest Snapshot v1, https://goo.gl/fbAQLP

exports[`Shop Component renders shop 1`] = `
<div>
  <div>
    <h1>
      Shop
    </h1>
    <div>
      <h3>
        Apple
      </h3>
      <div
        role="Apple-description"
      >
        fruit
      </div>
      <button>
        Add To Cart
      </button>
      <div
        role="Apple-in-cart"
      />
    </div>
  </div>
</div>
`;
